npm warn Unknown global config "python". This will stop working in the next major version of npm.
ts-jest[config] (WARN) [94mmessage[0m[90m TS151002: [0mUsing hybrid module kind (Node16/18/Next) is only supported in "isolatedModules: true". Please set "isolatedModules: true" in your tsconfig.json. To disable this message, you can set "diagnostics.ignoreCodes" to include 151002 in your ts-jest config. See more at https://kulshekhar.github.io/ts-jest/docs/getting-started/options/diagnostics
PASS src/lib/pagination.test.ts (9.562 s)
ts-jest[config] (WARN) [94mmessage[0m[90m TS151002: [0mUsing hybrid module kind (Node16/18/Next) is only supported in "isolatedModules: true". Please set "isolatedModules: true" in your tsconfig.json. To disable this message, you can set "diagnostics.ignoreCodes" to include 151002 in your ts-jest config. See more at https://kulshekhar.github.io/ts-jest/docs/getting-started/options/diagnostics
PASS src/index.test.ts (10.396 s)

Test Suites: 2 passed, 2 total
Tests:       18 passed, 18 total
Snapshots:   0 total
Time:        12.345 s, estimated 20 s
Ran all test suites.
Force exiting Jest: Have you considered using `--detectOpenHandles` to detect async operations that kept running after all tests finished?
